Success: 
{
    "body": [
        {
            "type": "pass"
        }
    ],
    "name": "some.name",
    "type": "define.thunk"
}